[Licensing::Module] Trying to connect to existing licensing client channel...
Built from '6000.3/staging' branch; Version is '6000.3.14f1 (d68c3f99a318) revision 14060607'; Using compiler version '194234433'; Build Type 'Release'
OS: 'Windows 10  (10.0.19045) 64bit Core' Language: 'en' Physical Memory: 15791 MB
[Licensing::IpcConnector] Successfully connected to: "LicenseClient-mauri" at "2026-06-07T14:38:19.6474892Z"
BatchMode: 1, IsHumanControllingUs: 0, StartBugReporterOnCrash: 0, Is64bit: 1
System  architecture: x64
Process architecture: x64
Date: 2026-06-07T14:38:19Z

COMMAND LINE ARGUMENTS:
C:\Program Files\Unity\Hub\Editor\6000.3.14f1\Editor\Unity.exe
-batchmode
-quit
-projectPath
C:\Peche\Development\Co2-Games\SideProjects\lucky-dungeon
-executeMethod
EntityChaserPrefabSetup.SetupChaserEntityPrefabMenu
-logFile
C:\Peche\Development\Co2-Games\SideProjects\lucky-dungeon\chaser-locomotion-setup.log
Successfully changed project path to: C:\Peche\Development\Co2-Games\SideProjects\lucky-dungeon
C:/Peche/Development/Co2-Games/SideProjects/lucky-dungeon
Exiting without the bug reporter. Application will terminate with return code 1